======================================
SLURM job id:        5380169
SLURM array task:    1
Host:                iris-195
Date:                Fri May  1 06:36:51 CEST 2026
Project dir:         /home/users/rszymanski/deep_learning/reaction_time_HW
Data dir:            /home/users/rszymanski/deep_learning/reaction_time_HW/scanpaths
Run name:            GPU_final_bn2_gd50_a100_s42
Model file:          /home/users/rszymanski/deep_learning/reaction_time_HW/runs/GPU_final_bn2_gd50_a100_s42.pth
Hidden size:         32
LR:                  0.001
Weight decay:        0.001
Batch size:          32
Dropout:             0.1
Seed:                523
CUDA available:
True
Tesla V100-SXM2-32GB
======================================
Total parameters: 5475
Parameters per layer:
gru.weight_ih_l0 960
gru.weight_hh_l0 3072
gru.bias_ih_l0 96
gru.bias_hh_l0 96
global_proj.0.weight 28
global_proj.0.bias 2
fc.0.weight 34
fc.0.bias 34
fc.1.weight 1088
fc.1.bias 32
fc.4.weight 32
fc.4.bias 1
epoch 001 : train_loss=1.6500 val_loss=0.5664 val_rmse=1.2609 val_mae=0.9433 best_rmse=1.2609
epoch 002 : train_loss=0.4965 val_loss=0.3934 val_rmse=1.0390 val_mae=0.7419 best_rmse=1.0390
epoch 003 : train_loss=0.4364 val_loss=0.3642 val_rmse=0.9961 val_mae=0.7100 best_rmse=0.9961
epoch 004 : train_loss=0.4179 val_loss=0.3445 val_rmse=0.9937 val_mae=0.6651 best_rmse=0.9937
epoch 005 : train_loss=0.3949 val_loss=0.3355 val_rmse=0.9854 val_mae=0.6514 best_rmse=0.9854
epoch 006 : train_loss=0.4030 val_loss=0.3407 val_rmse=0.9583 val_mae=0.6773 best_rmse=0.9583
epoch 007 : train_loss=0.3895 val_loss=0.3461 val_rmse=1.0035 val_mae=0.6536 best_rmse=0.9583
epoch 008 : train_loss=0.3923 val_loss=0.3447 val_rmse=0.9994 val_mae=0.6630 best_rmse=0.9583
epoch 009 : train_loss=0.3820 val_loss=0.3345 val_rmse=0.9831 val_mae=0.6372 best_rmse=0.9583
epoch 010 : train_loss=0.3792 val_loss=0.3271 val_rmse=0.9561 val_mae=0.6420 best_rmse=0.9561
epoch 011 : train_loss=0.3720 val_loss=0.3241 val_rmse=0.9509 val_mae=0.6389 best_rmse=0.9509
epoch 012 : train_loss=0.3628 val_loss=0.3318 val_rmse=0.9506 val_mae=0.6583 best_rmse=0.9506
epoch 013 : train_loss=0.3646 val_loss=0.3245 val_rmse=0.9621 val_mae=0.6332 best_rmse=0.9506
epoch 014 : train_loss=0.3708 val_loss=0.3304 val_rmse=0.9444 val_mae=0.6580 best_rmse=0.9444
epoch 015 : train_loss=0.3731 val_loss=0.3273 val_rmse=0.9744 val_mae=0.6313 best_rmse=0.9444
epoch 016 : train_loss=0.3538 val_loss=0.3308 val_rmse=0.9456 val_mae=0.6714 best_rmse=0.9444
epoch 017 : train_loss=0.3570 val_loss=0.3342 val_rmse=0.9467 val_mae=0.6733 best_rmse=0.9444
epoch 018 : train_loss=0.3507 val_loss=0.3531 val_rmse=0.9605 val_mae=0.7009 best_rmse=0.9444
epoch 019 : train_loss=0.3529 val_loss=0.3408 val_rmse=0.9559 val_mae=0.6881 best_rmse=0.9444
epoch 020 : train_loss=0.3516 val_loss=0.3234 val_rmse=0.9443 val_mae=0.6467 best_rmse=0.9443
epoch 021 : train_loss=0.3456 val_loss=0.3267 val_rmse=0.9570 val_mae=0.6348 best_rmse=0.9443
epoch 022 : train_loss=0.3429 val_loss=0.3237 val_rmse=0.9499 val_mae=0.6453 best_rmse=0.9443
epoch 023 : train_loss=0.3398 val_loss=0.3233 val_rmse=0.9703 val_mae=0.6268 best_rmse=0.9443
epoch 024 : train_loss=0.3387 val_loss=0.3239 val_rmse=0.9574 val_mae=0.6290 best_rmse=0.9443
epoch 025 : train_loss=0.3325 val_loss=0.3214 val_rmse=0.9509 val_mae=0.6407 best_rmse=0.9443
epoch 026 : train_loss=0.3391 val_loss=0.3219 val_rmse=0.9436 val_mae=0.6380 best_rmse=0.9436
epoch 027 : train_loss=0.3358 val_loss=0.3236 val_rmse=0.9480 val_mae=0.6467 best_rmse=0.9436
epoch 028 : train_loss=0.3327 val_loss=0.3268 val_rmse=0.9546 val_mae=0.6335 best_rmse=0.9436
epoch 029 : train_loss=0.3250 val_loss=0.3235 val_rmse=0.9527 val_mae=0.6356 best_rmse=0.9436
epoch 030 : train_loss=0.3238 val_loss=0.3495 val_rmse=0.9601 val_mae=0.6978 best_rmse=0.9436
epoch 031 : train_loss=0.3243 val_loss=0.3337 val_rmse=0.9782 val_mae=0.6480 best_rmse=0.9436
epoch 032 : train_loss=0.3225 val_loss=0.3187 val_rmse=0.9389 val_mae=0.6375 best_rmse=0.9389
epoch 033 : train_loss=0.3273 val_loss=0.3210 val_rmse=0.9434 val_mae=0.6403 best_rmse=0.9389
epoch 034 : train_loss=0.3153 val_loss=0.3278 val_rmse=0.9736 val_mae=0.6411 best_rmse=0.9389
epoch 035 : train_loss=0.3129 val_loss=0.3255 val_rmse=0.9599 val_mae=0.6374 best_rmse=0.9389
epoch 036 : train_loss=0.3092 val_loss=0.3267 val_rmse=0.9400 val_mae=0.6502 best_rmse=0.9389
epoch 037 : train_loss=0.3217 val_loss=0.3390 val_rmse=0.9501 val_mae=0.6679 best_rmse=0.9389
epoch 038 : train_loss=0.3047 val_loss=0.3267 val_rmse=0.9363 val_mae=0.6549 best_rmse=0.9363
epoch 039 : train_loss=0.3109 val_loss=0.3235 val_rmse=0.9389 val_mae=0.6364 best_rmse=0.9363
epoch 040 : train_loss=0.3050 val_loss=0.3352 val_rmse=0.9540 val_mae=0.6606 best_rmse=0.9363
epoch 041 : train_loss=0.3072 val_loss=0.3356 val_rmse=0.9501 val_mae=0.6594 best_rmse=0.9363
epoch 042 : train_loss=0.3042 val_loss=0.3296 val_rmse=0.9460 val_mae=0.6532 best_rmse=0.9363
epoch 043 : train_loss=0.3018 val_loss=0.3247 val_rmse=0.9387 val_mae=0.6503 best_rmse=0.9363
epoch 044 : train_loss=0.3033 val_loss=0.3285 val_rmse=0.9573 val_mae=0.6455 best_rmse=0.9363
epoch 045 : train_loss=0.2959 val_loss=0.3267 val_rmse=0.9437 val_mae=0.6462 best_rmse=0.9363
epoch 046 : train_loss=0.2895 val_loss=0.3262 val_rmse=0.9526 val_mae=0.6360 best_rmse=0.9363
epoch 047 : train_loss=0.2893 val_loss=0.3262 val_rmse=0.9481 val_mae=0.6391 best_rmse=0.9363
epoch 048 : train_loss=0.2888 val_loss=0.3297 val_rmse=0.9510 val_mae=0.6479 best_rmse=0.9363
epoch 049 : train_loss=0.2886 val_loss=0.3333 val_rmse=0.9557 val_mae=0.6509 best_rmse=0.9363
epoch 050 : train_loss=0.2789 val_loss=0.3301 val_rmse=0.9623 val_mae=0.6407 best_rmse=0.9363
epoch 051 : train_loss=0.2771 val_loss=0.3354 val_rmse=0.9573 val_mae=0.6558 best_rmse=0.9363
epoch 052 : train_loss=0.2861 val_loss=0.3298 val_rmse=0.9459 val_mae=0.6550 best_rmse=0.9363
epoch 053 : train_loss=0.2741 val_loss=0.3327 val_rmse=0.9484 val_mae=0.6517 best_rmse=0.9363
Early stopping at epoch 53. Best val RMSE=0.9363
Saved best model to /home/users/rszymanski/deep_learning/reaction_time_HW/runs/GPU_final_bn2_gd50_a100_s42.pth with RMSE=0.9363
Finished run: GPU_final_bn2_gd50_a100_s42
Saved model: /home/users/rszymanski/deep_learning/reaction_time_HW/runs/GPU_final_bn2_gd50_a100_s42.pth
