======================================
SLURM job id:        5380168
SLURM array task:    3
Host:                iris-183
Date:                Fri May  1 06:36:51 CEST 2026
Project dir:         /home/users/rszymanski/deep_learning/reaction_time_HW
Data dir:            /home/users/rszymanski/deep_learning/reaction_time_HW/scanpaths
Run name:            GPU_final_bn12_gd10_a100_s42
Model file:          /home/users/rszymanski/deep_learning/reaction_time_HW/runs/GPU_final_bn12_gd10_a100_s42.pth
Hidden size:         32
LR:                  0.001
Weight decay:        0.001
Batch size:          32
Dropout:             0.1
Seed:                523
CUDA available:
True
Tesla V100-SXM2-16GB
======================================
Total parameters: 5965
Parameters per layer:
gru.weight_ih_l0 960
gru.weight_hh_l0 3072
gru.bias_ih_l0 96
gru.bias_hh_l0 96
global_proj.0.weight 168
global_proj.0.bias 12
fc.0.weight 44
fc.0.bias 44
fc.1.weight 1408
fc.1.bias 32
fc.4.weight 32
fc.4.bias 1
epoch 001 : train_loss=1.4810 val_loss=0.5593 val_rmse=1.2318 val_mae=0.9386 best_rmse=1.2318
epoch 002 : train_loss=0.4924 val_loss=0.3767 val_rmse=1.0279 val_mae=0.7157 best_rmse=1.0279
epoch 003 : train_loss=0.4346 val_loss=0.3614 val_rmse=0.9952 val_mae=0.7033 best_rmse=0.9952
epoch 004 : train_loss=0.4251 val_loss=0.3505 val_rmse=0.9872 val_mae=0.6879 best_rmse=0.9872
epoch 005 : train_loss=0.4222 val_loss=0.3447 val_rmse=0.9882 val_mae=0.6660 best_rmse=0.9872
epoch 006 : train_loss=0.4111 val_loss=0.3445 val_rmse=0.9703 val_mae=0.6796 best_rmse=0.9703
epoch 007 : train_loss=0.3981 val_loss=0.3475 val_rmse=0.9614 val_mae=0.6941 best_rmse=0.9614
epoch 008 : train_loss=0.3957 val_loss=0.3386 val_rmse=0.9722 val_mae=0.6606 best_rmse=0.9614
epoch 009 : train_loss=0.3987 val_loss=0.3596 val_rmse=0.9611 val_mae=0.7124 best_rmse=0.9611
epoch 010 : train_loss=0.3877 val_loss=0.3365 val_rmse=0.9505 val_mae=0.6687 best_rmse=0.9505
epoch 011 : train_loss=0.3769 val_loss=0.3472 val_rmse=1.0072 val_mae=0.6618 best_rmse=0.9505
epoch 012 : train_loss=0.3855 val_loss=0.3632 val_rmse=1.0235 val_mae=0.6841 best_rmse=0.9505
epoch 013 : train_loss=0.3663 val_loss=0.3499 val_rmse=0.9628 val_mae=0.6791 best_rmse=0.9505
epoch 014 : train_loss=0.3722 val_loss=0.3370 val_rmse=0.9780 val_mae=0.6453 best_rmse=0.9505
epoch 015 : train_loss=0.3690 val_loss=0.3342 val_rmse=0.9752 val_mae=0.6480 best_rmse=0.9505
epoch 016 : train_loss=0.3647 val_loss=0.3422 val_rmse=0.9511 val_mae=0.6829 best_rmse=0.9505
epoch 017 : train_loss=0.3513 val_loss=0.3302 val_rmse=0.9542 val_mae=0.6523 best_rmse=0.9505
epoch 018 : train_loss=0.3522 val_loss=0.3355 val_rmse=0.9462 val_mae=0.6736 best_rmse=0.9462
epoch 019 : train_loss=0.3529 val_loss=0.3314 val_rmse=0.9411 val_mae=0.6673 best_rmse=0.9411
epoch 020 : train_loss=0.3598 val_loss=0.3311 val_rmse=0.9628 val_mae=0.6447 best_rmse=0.9411
epoch 021 : train_loss=0.3525 val_loss=0.3308 val_rmse=0.9461 val_mae=0.6578 best_rmse=0.9411
epoch 022 : train_loss=0.3472 val_loss=0.3516 val_rmse=0.9592 val_mae=0.7004 best_rmse=0.9411
epoch 023 : train_loss=0.3564 val_loss=0.3486 val_rmse=0.9526 val_mae=0.6955 best_rmse=0.9411
epoch 024 : train_loss=0.3416 val_loss=0.3446 val_rmse=0.9487 val_mae=0.6891 best_rmse=0.9411
epoch 025 : train_loss=0.3443 val_loss=0.3427 val_rmse=0.9558 val_mae=0.6848 best_rmse=0.9411
epoch 026 : train_loss=0.3364 val_loss=0.3286 val_rmse=0.9639 val_mae=0.6392 best_rmse=0.9411
epoch 027 : train_loss=0.3339 val_loss=0.3426 val_rmse=0.9495 val_mae=0.6844 best_rmse=0.9411
epoch 028 : train_loss=0.3300 val_loss=0.3399 val_rmse=0.9516 val_mae=0.6839 best_rmse=0.9411
epoch 029 : train_loss=0.3369 val_loss=0.3511 val_rmse=0.9583 val_mae=0.7001 best_rmse=0.9411
epoch 030 : train_loss=0.3343 val_loss=0.3312 val_rmse=0.9502 val_mae=0.6461 best_rmse=0.9411
epoch 031 : train_loss=0.3263 val_loss=0.3255 val_rmse=0.9495 val_mae=0.6439 best_rmse=0.9411
epoch 032 : train_loss=0.3205 val_loss=0.3319 val_rmse=0.9429 val_mae=0.6649 best_rmse=0.9411
epoch 033 : train_loss=0.3157 val_loss=0.3332 val_rmse=0.9382 val_mae=0.6717 best_rmse=0.9382
epoch 034 : train_loss=0.3094 val_loss=0.3428 val_rmse=0.9544 val_mae=0.6727 best_rmse=0.9382
epoch 035 : train_loss=0.3222 val_loss=0.3307 val_rmse=0.9534 val_mae=0.6463 best_rmse=0.9382
epoch 036 : train_loss=0.3155 val_loss=0.3342 val_rmse=0.9459 val_mae=0.6589 best_rmse=0.9382
epoch 037 : train_loss=0.3045 val_loss=0.3350 val_rmse=0.9664 val_mae=0.6444 best_rmse=0.9382
epoch 038 : train_loss=0.3027 val_loss=0.3347 val_rmse=0.9518 val_mae=0.6500 best_rmse=0.9382
epoch 039 : train_loss=0.3117 val_loss=0.3339 val_rmse=0.9445 val_mae=0.6592 best_rmse=0.9382
epoch 040 : train_loss=0.3087 val_loss=0.3332 val_rmse=0.9584 val_mae=0.6448 best_rmse=0.9382
epoch 041 : train_loss=0.3038 val_loss=0.3300 val_rmse=0.9524 val_mae=0.6458 best_rmse=0.9382
epoch 042 : train_loss=0.3004 val_loss=0.3338 val_rmse=0.9397 val_mae=0.6533 best_rmse=0.9382
epoch 043 : train_loss=0.2870 val_loss=0.3340 val_rmse=0.9504 val_mae=0.6445 best_rmse=0.9382
epoch 044 : train_loss=0.2885 val_loss=0.3386 val_rmse=0.9428 val_mae=0.6653 best_rmse=0.9382
epoch 045 : train_loss=0.2846 val_loss=0.3381 val_rmse=0.9572 val_mae=0.6573 best_rmse=0.9382
epoch 046 : train_loss=0.2954 val_loss=0.3359 val_rmse=0.9510 val_mae=0.6600 best_rmse=0.9382
epoch 047 : train_loss=0.2900 val_loss=0.3880 val_rmse=0.9981 val_mae=0.7506 best_rmse=0.9382
epoch 048 : train_loss=0.2815 val_loss=0.3402 val_rmse=0.9608 val_mae=0.6575 best_rmse=0.9382
Early stopping at epoch 48. Best val RMSE=0.9382
Saved best model to /home/users/rszymanski/deep_learning/reaction_time_HW/runs/GPU_final_bn12_gd10_a100_s42.pth with RMSE=0.9382
Finished run: GPU_final_bn12_gd10_a100_s42
Saved model: /home/users/rszymanski/deep_learning/reaction_time_HW/runs/GPU_final_bn12_gd10_a100_s42.pth
