======================================
SLURM job id:        5380215
SLURM array task:    2
Host:                iris-195
Date:                Fri May  1 07:06:27 CEST 2026
Project dir:         /home/users/rszymanski/deep_learning/reaction_time_HW
Data dir:            /home/users/rszymanski/deep_learning/reaction_time_HW/scanpaths
Run name:            GPU_final_bn6_gd50_a100_s523
Model file:          /home/users/rszymanski/deep_learning/reaction_time_HW/runs/GPU_final_bn6_gd50_a100_s523.pth
Hidden size:         32
LR:                  0.001
Weight decay:        0.001
Batch size:          32
Dropout:             0.1
Seed:                523
CUDA available:
True
Tesla V100-SXM2-32GB
======================================
FINAL TRAINING MODE: Model is trained on validation and test set. No validation metrics or early stopping are used during training.
Total parameters: 5671
Parameters per layer:
gru.weight_ih_l0 960
gru.weight_hh_l0 3072
gru.bias_ih_l0 96
gru.bias_hh_l0 96
global_proj.0.weight 84
global_proj.0.bias 6
fc.0.weight 38
fc.0.bias 38
fc.1.weight 1216
fc.1.bias 32
fc.4.weight 32
fc.4.bias 1
epoch 001 FINAL TRAINING |train_loss=1.5125
epoch 002 FINAL TRAINING |train_loss=0.5094
epoch 003 FINAL TRAINING |train_loss=0.4447
epoch 004 FINAL TRAINING |train_loss=0.4312
epoch 005 FINAL TRAINING |train_loss=0.4198
epoch 006 FINAL TRAINING |train_loss=0.4022
epoch 007 FINAL TRAINING |train_loss=0.3962
epoch 008 FINAL TRAINING |train_loss=0.3881
epoch 009 FINAL TRAINING |train_loss=0.3953
epoch 010 FINAL TRAINING |train_loss=0.3912
epoch 011 FINAL TRAINING |train_loss=0.3771
epoch 012 FINAL TRAINING |train_loss=0.3801
epoch 013 FINAL TRAINING |train_loss=0.3794
epoch 014 FINAL TRAINING |train_loss=0.3764
epoch 015 FINAL TRAINING |train_loss=0.3686
epoch 016 FINAL TRAINING |train_loss=0.3598
epoch 017 FINAL TRAINING |train_loss=0.3617
epoch 018 FINAL TRAINING |train_loss=0.3558
epoch 019 FINAL TRAINING |train_loss=0.3655
epoch 020 FINAL TRAINING |train_loss=0.3509
epoch 021 FINAL TRAINING |train_loss=0.3452
epoch 022 FINAL TRAINING |train_loss=0.3476
epoch 023 FINAL TRAINING |train_loss=0.3431
epoch 024 FINAL TRAINING |train_loss=0.3369
Saved final model to /home/users/rszymanski/deep_learning/reaction_time_HW/runs/GPU_final_bn6_gd50_a100_s523.pth
Finished run: GPU_final_bn6_gd50_a100_s523
Saved model: /home/users/rszymanski/deep_learning/reaction_time_HW/runs/GPU_final_bn6_gd50_a100_s523.pth
